// Jest Snapshot v1, https://goo.gl/fbAQLP

exports[`testing snapshot 1`] = `
<div
  className="container"
>
  <div>
    Testing
  </div>
  <div
    className="columns search"
  >
    <div
      className="column is-half"
    >
      <h1
        className="title"
      >
        Search
      </h1>
      <h2
        className="subtitle"
      >
        Search for any stocks
      </h2>
      <form
        onSubmit={[Function]}
      >
        <div
          className="field has-addons"
        >
          <div
            className="cent"
          >
            <input
              className="input"
              onChange={[Function]}
              placeholder="Search for a stock"
              type="ticker"
              value=""
            />
          </div>
        </div>
      </form>
      <div />
    </div>
    <div
      className="column is-half"
    >
      <h1
        className="title"
      >
        Compare
      </h1>
      <h2
        className="subtitle"
      >
        Select 
        <strong>
          4
        </strong>
         more stocks to compare.
      </h2>
      <button
        className="button"
        name="submit"
        onClick={[Function]}
        type="submit"
      >
        Compare
      </button>
      <div />
    </div>
  </div>
  <div
    className="column"
  >
    <table
      className="table search is-fullwidth is-striped is-hoverable"
    >
      <thead>
        <tr>
          <th />
          <th>
            Symbol
          </th>
          <th>
            Company
          </th>
          <th>
            Price
          </th>
          <th>
            Latest Time
          </th>
          <th>
            P/E Ratio
          </th>
          <th>
            EPS
          </th>
          <th>
            PEG Ratio
          </th>
          <th>
            Own?
          </th>
          <th>
            Compare
          </th>
        </tr>
      </thead>
      <tbody />
    </table>
  </div>
</div>
`;

exports[`testing test 1`] = `
<div
  className="container"
>
  <div>
    Testing
  </div>
  <div
    className="columns search"
  >
    <div
      className="column is-half"
    >
      <h1
        className="title"
      >
        Search
      </h1>
      <h2
        className="subtitle"
      >
        Search for any stocks
      </h2>
      <form
        onSubmit={[Function]}
      >
        <div
          className="field has-addons"
        >
          <div
            className="cent"
          >
            <input
              className="input"
              onChange={[Function]}
              placeholder="Search for a stock"
              type="ticker"
              value=""
            />
          </div>
        </div>
      </form>
      <div />
    </div>
    <div
      className="column is-half"
    >
      <h1
        className="title"
      >
        Compare
      </h1>
      <h2
        className="subtitle"
      >
        Select 
        <strong>
          4
        </strong>
         more stocks to compare.
      </h2>
      <button
        className="button"
        name="submit"
        onClick={[Function]}
        type="submit"
      >
        Compare
      </button>
      <div />
    </div>
  </div>
  <div
    className="column"
  >
    <table
      className="table search is-fullwidth is-striped is-hoverable"
    >
      <thead>
        <tr>
          <th />
          <th>
            Symbol
          </th>
          <th>
            Company
          </th>
          <th>
            Price
          </th>
          <th>
            Latest Time
          </th>
          <th>
            P/E Ratio
          </th>
          <th>
            EPS
          </th>
          <th>
            PEG Ratio
          </th>
          <th>
            Own?
          </th>
          <th>
            Compare
          </th>
        </tr>
      </thead>
      <tbody />
    </table>
  </div>
</div>
`;
